Command line invocation:
    /Applications/Xcode_16.4.app/Contents/Developer/usr/bin/xcodebuild -project CTJModernTooliOS.xcodeproj -target CTJModernTooliOS -configuration Release -sdk iphoneos SYMROOT=/Users/runner/work/CTJ-iOS/CTJ-iOS/ios-src/build CODE_SIGNING_ALLOWED=NO CODE_SIGNING_REQUIRED=NO CODE_SIGN_IDENTITY= DEVELOPMENT_TEAM= build

Build settings from command line:
    CODE_SIGN_IDENTITY = 
    CODE_SIGNING_ALLOWED = NO
    CODE_SIGNING_REQUIRED = NO
    DEVELOPMENT_TEAM = 
    SDKROOT = iphoneos18.5
    SYMROOT = /Users/runner/work/CTJ-iOS/CTJ-iOS/ios-src/build

note: Using codesigning identity override: 
ComputePackagePrebuildTargetDependencyGraph

Prepare packages

CreateBuildRequest

SendProjectDescription

CreateBuildOperation

ComputeTargetDependencyGraph
note: Building targets in dependency order
note: Target dependency graph (1 target)
    Target 'CTJModernTooliOS' in project 'CTJModernTooliOS' (no dependencies)

GatherProvisioningInputs

CreateBuildDescription

ExecuteExternalTool /Applications/Xcode_16.4.app/Contents/Developer/Toolchains/XcodeDefault.xctoolchain/usr/bin/swiftc --version

ExecuteExternalTool /Applications/Xcode_16.4.app/Contents/Developer/Toolchains/XcodeDefault.xctoolchain/usr/bin/clang -v -E -dM -isysroot /Applications/Xcode_16.4.app/Contents/Developer/Platforms/iPhoneOS.platform/Developer/SDKs/iPhoneOS18.5.sdk -x c -c /dev/null

ExecuteExternalTool /Applications/Xcode_16.4.app/Contents/Developer/Toolchains/XcodeDefault.xctoolchain/usr/bin/ld -version_details

Build description signature: 289c1c550d62a4eb16e8b89011eab271
Build description path: /Users/runner/work/CTJ-iOS/CTJ-iOS/ios-src/build/XCBuildData/289c1c550d62a4eb16e8b89011eab271.xcbuilddata
ClangStatCache /Applications/Xcode_16.4.app/Contents/Developer/Toolchains/XcodeDefault.xctoolchain/usr/bin/clang-stat-cache /Applications/Xcode_16.4.app/Contents/Developer/Platforms/iPhoneOS.platform/Developer/SDKs/iPhoneOS18.5.sdk /var/folders/_5/zjnzxgh147qcg3bb5cg2wvqw0000gn/C/com.apple.DeveloperTools/16.4-16F6/Xcode/SDKStatCaches.noindex/iphoneos18.5-22F76-a529daf784b3616c7c04a36aeb7f5c05.sdkstatcache
    cd /Users/runner/work/CTJ-iOS/CTJ-iOS/ios-src/CTJModernTooliOS.xcodeproj
    /Applications/Xcode_16.4.app/Contents/Developer/Toolchains/XcodeDefault.xctoolchain/usr/bin/clang-stat-cache /Applications/Xcode_16.4.app/Contents/Developer/Platforms/iPhoneOS.platform/Developer/SDKs/iPhoneOS18.5.sdk -o /var/folders/_5/zjnzxgh147qcg3bb5cg2wvqw0000gn/C/com.apple.DeveloperTools/16.4-16F6/Xcode/SDKStatCaches.noindex/iphoneos18.5-22F76-a529daf784b3616c7c04a36aeb7f5c05.sdkstatcache

CreateBuildDirectory /Users/runner/work/CTJ-iOS/CTJ-iOS/ios-src/build
    cd /Users/runner/work/CTJ-iOS/CTJ-iOS/ios-src/CTJModernTooliOS.xcodeproj
    builtin-create-build-directory /Users/runner/work/CTJ-iOS/CTJ-iOS/ios-src/build

WriteAuxiliaryFile /Users/runner/work/CTJ-iOS/CTJ-iOS/ios-src/build/CTJModernTooliOS.build/Release-iphoneos/CTJModernTooliOS-6dc8640590db27a94c39c96057fe3d1a-VFS-iphoneos/all-product-headers.yaml
    cd /Users/runner/work/CTJ-iOS/CTJ-iOS/ios-src/CTJModernTooliOS.xcodeproj
    write-file /Users/runner/work/CTJ-iOS/CTJ-iOS/ios-src/build/CTJModernTooliOS.build/Release-iphoneos/CTJModernTooliOS-6dc8640590db27a94c39c96057fe3d1a-VFS-iphoneos/all-product-headers.yaml

CreateBuildDirectory /Users/runner/work/CTJ-iOS/CTJ-iOS/ios-src/build/Release-iphoneos
    cd /Users/runner/work/CTJ-iOS/CTJ-iOS/ios-src/CTJModernTooliOS.xcodeproj
    builtin-create-build-directory /Users/runner/work/CTJ-iOS/CTJ-iOS/ios-src/build/Release-iphoneos

CreateBuildDirectory /Users/runner/work/CTJ-iOS/CTJ-iOS/ios-src/build/EagerLinkingTBDs/Release-iphoneos
    cd /Users/runner/work/CTJ-iOS/CTJ-iOS/ios-src/CTJModernTooliOS.xcodeproj
    builtin-create-build-directory /Users/runner/work/CTJ-iOS/CTJ-iOS/ios-src/build/EagerLinkingTBDs/Release-iphoneos

WriteAuxiliaryFile /Users/runner/work/CTJ-iOS/CTJ-iOS/ios-src/build/CTJModernTooliOS.build/Release-iphoneos/CTJModernTooliOS.build/empty-CTJModernTooliOS.plist (in target 'CTJModernTooliOS' from project 'CTJModernTooliOS')
    cd /Users/runner/work/CTJ-iOS/CTJ-iOS/ios-src
    write-file /Users/runner/work/CTJ-iOS/CTJ-iOS/ios-src/build/CTJModernTooliOS.build/Release-iphoneos/CTJModernTooliOS.build/empty-CTJModernTooliOS.plist

WriteAuxiliaryFile /Users/runner/work/CTJ-iOS/CTJ-iOS/ios-src/build/CTJModernTooliOS.build/Release-iphoneos/CTJModernTooliOS.build/Objects-normal/arm64/CTJModernTooliOS_const_extract_protocols.json (in target 'CTJModernTooliOS' from project 'CTJModernTooliOS')
    cd /Users/runner/work/CTJ-iOS/CTJ-iOS/ios-src
    write-file /Users/runner/work/CTJ-iOS/CTJ-iOS/ios-src/build/CTJModernTooliOS.build/Release-iphoneos/CTJModernTooliOS.build/Objects-normal/arm64/CTJModernTooliOS_const_extract_protocols.json

WriteAuxiliaryFile /Users/runner/work/CTJ-iOS/CTJ-iOS/ios-src/build/CTJModernTooliOS.build/Release-iphoneos/CTJModernTooliOS.build/Objects-normal/arm64/CTJModernTooliOS.SwiftFileList (in target 'CTJModernTooliOS' from project 'CTJModernTooliOS')
    cd /Users/runner/work/CTJ-iOS/CTJ-iOS/ios-src
    write-file /Users/runner/work/CTJ-iOS/CTJ-iOS/ios-src/build/CTJModernTooliOS.build/Release-iphoneos/CTJModernTooliOS.build/Objects-normal/arm64/CTJModernTooliOS.SwiftFileList

WriteAuxiliaryFile /Users/runner/work/CTJ-iOS/CTJ-iOS/ios-src/build/CTJModernTooliOS.build/Release-iphoneos/CTJModernTooliOS.build/Objects-normal/arm64/CTJModernTooliOS.SwiftConstValuesFileList (in target 'CTJModernTooliOS' from project 'CTJModernTooliOS')
    cd /Users/runner/work/CTJ-iOS/CTJ-iOS/ios-src
    write-file /Users/runner/work/CTJ-iOS/CTJ-iOS/ios-src/build/CTJModernTooliOS.build/Release-iphoneos/CTJModernTooliOS.build/Objects-normal/arm64/CTJModernTooliOS.SwiftConstValuesFileList

WriteAuxiliaryFile /Users/runner/work/CTJ-iOS/CTJ-iOS/ios-src/build/CTJModernTooliOS.build/Release-iphoneos/CTJModernTooliOS.build/Objects-normal/arm64/CTJModernTooliOS.LinkFileList (in target 'CTJModernTooliOS' from project 'CTJModernTooliOS')
    cd /Users/runner/work/CTJ-iOS/CTJ-iOS/ios-src
    write-file /Users/runner/work/CTJ-iOS/CTJ-iOS/ios-src/build/CTJModernTooliOS.build/Release-iphoneos/CTJModernTooliOS.build/Objects-normal/arm64/CTJModernTooliOS.LinkFileList

WriteAuxiliaryFile /Users/runner/work/CTJ-iOS/CTJ-iOS/ios-src/build/CTJModernTooliOS.build/Release-iphoneos/CTJModernTooliOS.build/Objects-normal/arm64/CTJModernTooliOS-OutputFileMap.json (in target 'CTJModernTooliOS' from project 'CTJModernTooliOS')
    cd /Users/runner/work/CTJ-iOS/CTJ-iOS/ios-src
    write-file /Users/runner/work/CTJ-iOS/CTJ-iOS/ios-src/build/CTJModernTooliOS.build/Release-iphoneos/CTJModernTooliOS.build/Objects-normal/arm64/CTJModernTooliOS-OutputFileMap.json

WriteAuxiliaryFile /Users/runner/work/CTJ-iOS/CTJ-iOS/ios-src/build/CTJModernTooliOS.build/Release-iphoneos/CTJModernTooliOS.build/CTJModernTooliOS.hmap (in target 'CTJModernTooliOS' from project 'CTJModernTooliOS')
    cd /Users/runner/work/CTJ-iOS/CTJ-iOS/ios-src
    write-file /Users/runner/work/CTJ-iOS/CTJ-iOS/ios-src/build/CTJModernTooliOS.build/Release-iphoneos/CTJModernTooliOS.build/CTJModernTooliOS.hmap

WriteAuxiliaryFile /Users/runner/work/CTJ-iOS/CTJ-iOS/ios-src/build/CTJModernTooliOS.build/Release-iphoneos/CTJModernTooliOS.build/CTJModernTooliOS.DependencyStaticMetadataFileList (in target 'CTJModernTooliOS' from project 'CTJModernTooliOS')
    cd /Users/runner/work/CTJ-iOS/CTJ-iOS/ios-src
    write-file /Users/runner/work/CTJ-iOS/CTJ-iOS/ios-src/build/CTJModernTooliOS.build/Release-iphoneos/CTJModernTooliOS.build/CTJModernTooliOS.DependencyStaticMetadataFileList

WriteAuxiliaryFile /Users/runner/work/CTJ-iOS/CTJ-iOS/ios-src/build/CTJModernTooliOS.build/Release-iphoneos/CTJModernTooliOS.build/CTJModernTooliOS.DependencyMetadataFileList (in target 'CTJModernTooliOS' from project 'CTJModernTooliOS')
    cd /Users/runner/work/CTJ-iOS/CTJ-iOS/ios-src
    write-file /Users/runner/work/CTJ-iOS/CTJ-iOS/ios-src/build/CTJModernTooliOS.build/Release-iphoneos/CTJModernTooliOS.build/CTJModernTooliOS.DependencyMetadataFileList

WriteAuxiliaryFile /Users/runner/work/CTJ-iOS/CTJ-iOS/ios-src/build/CTJModernTooliOS.build/Release-iphoneos/CTJModernTooliOS.build/CTJModernTooliOS-project-headers.hmap (in target 'CTJModernTooliOS' from project 'CTJModernTooliOS')
    cd /Users/runner/work/CTJ-iOS/CTJ-iOS/ios-src
    write-file /Users/runner/work/CTJ-iOS/CTJ-iOS/ios-src/build/CTJModernTooliOS.build/Release-iphoneos/CTJModernTooliOS.build/CTJModernTooliOS-project-headers.hmap

WriteAuxiliaryFile /Users/runner/work/CTJ-iOS/CTJ-iOS/ios-src/build/CTJModernTooliOS.build/Release-iphoneos/CTJModernTooliOS.build/CTJModernTooliOS-own-target-headers.hmap (in target 'CTJModernTooliOS' from project 'CTJModernTooliOS')
    cd /Users/runner/work/CTJ-iOS/CTJ-iOS/ios-src
    write-file /Users/runner/work/CTJ-iOS/CTJ-iOS/ios-src/build/CTJModernTooliOS.build/Release-iphoneos/CTJModernTooliOS.build/CTJModernTooliOS-own-target-headers.hmap

WriteAuxiliaryFile /Users/runner/work/CTJ-iOS/CTJ-iOS/ios-src/build/CTJModernTooliOS.build/Release-iphoneos/CTJModernTooliOS.build/CTJModernTooliOS-generated-files.hmap (in target 'CTJModernTooliOS' from project 'CTJModernTooliOS')
    cd /Users/runner/work/CTJ-iOS/CTJ-iOS/ios-src
    write-file /Users/runner/work/CTJ-iOS/CTJ-iOS/ios-src/build/CTJModernTooliOS.build/Release-iphoneos/CTJModernTooliOS.build/CTJModernTooliOS-generated-files.hmap

WriteAuxiliaryFile /Users/runner/work/CTJ-iOS/CTJ-iOS/ios-src/build/CTJModernTooliOS.build/Release-iphoneos/CTJModernTooliOS.build/CTJModernTooliOS-all-target-headers.hmap (in target 'CTJModernTooliOS' from project 'CTJModernTooliOS')
    cd /Users/runner/work/CTJ-iOS/CTJ-iOS/ios-src
    write-file /Users/runner/work/CTJ-iOS/CTJ-iOS/ios-src/build/CTJModernTooliOS.build/Release-iphoneos/CTJModernTooliOS.build/CTJModernTooliOS-all-target-headers.hmap

WriteAuxiliaryFile /Users/runner/work/CTJ-iOS/CTJ-iOS/ios-src/build/CTJModernTooliOS.build/Release-iphoneos/CTJModernTooliOS.build/CTJModernTooliOS-all-non-framework-target-headers.hmap (in target 'CTJModernTooliOS' from project 'CTJModernTooliOS')
    cd /Users/runner/work/CTJ-iOS/CTJ-iOS/ios-src
    write-file /Users/runner/work/CTJ-iOS/CTJ-iOS/ios-src/build/CTJModernTooliOS.build/Release-iphoneos/CTJModernTooliOS.build/CTJModernTooliOS-all-non-framework-target-headers.hmap

MkDir /Users/runner/work/CTJ-iOS/CTJ-iOS/ios-src/build/Release-iphoneos/CTJModernTooliOS.app (in target 'CTJModernTooliOS' from project 'CTJModernTooliOS')
    cd /Users/runner/work/CTJ-iOS/CTJ-iOS/ios-src
    /bin/mkdir -p /Users/runner/work/CTJ-iOS/CTJ-iOS/ios-src/build/Release-iphoneos/CTJModernTooliOS.app

ProcessInfoPlistFile /Users/runner/work/CTJ-iOS/CTJ-iOS/ios-src/build/Release-iphoneos/CTJModernTooliOS.app/Info.plist /Users/runner/work/CTJ-iOS/CTJ-iOS/ios-src/build/CTJModernTooliOS.build/Release-iphoneos/CTJModernTooliOS.build/empty-CTJModernTooliOS.plist (in target 'CTJModernTooliOS' from project 'CTJModernTooliOS')
    cd /Users/runner/work/CTJ-iOS/CTJ-iOS/ios-src
    builtin-infoPlistUtility /Users/runner/work/CTJ-iOS/CTJ-iOS/ios-src/build/CTJModernTooliOS.build/Release-iphoneos/CTJModernTooliOS.build/empty-CTJModernTooliOS.plist -producttype com.apple.product-type.application -genpkginfo /Users/runner/work/CTJ-iOS/CTJ-iOS/ios-src/build/Release-iphoneos/CTJModernTooliOS.app/PkgInfo -expandbuildsettings -format binary -platform iphoneos -requiredArchitecture arm64 -o /Users/runner/work/CTJ-iOS/CTJ-iOS/ios-src/build/Release-iphoneos/CTJModernTooliOS.app/Info.plist

CpResource /Users/runner/work/CTJ-iOS/CTJ-iOS/ios-src/build/Release-iphoneos/CTJModernTooliOS.app/CTJ_player_id_team_slot_stats_FULL.csv /Users/runner/work/CTJ-iOS/CTJ-iOS/ios-src/CTJModernTooliOS/Resources/Data/CTJ_player_id_team_slot_stats_FULL.csv (in target 'CTJModernTooliOS' from project 'CTJModernTooliOS')
    cd /Users/runner/work/CTJ-iOS/CTJ-iOS/ios-src
    builtin-copy -exclude .DS_Store -exclude CVS -exclude .svn -exclude .git -exclude .hg -strip-unsigned-binaries -strip-deterministic -strip-tool /Applications/Xcode_16.4.app/Contents/Developer/Toolchains/XcodeDefault.xctoolchain/usr/bin/strip -resolve-src-symlinks /Users/runner/work/CTJ-iOS/CTJ-iOS/ios-src/CTJModernTooliOS/Resources/Data/CTJ_player_id_team_slot_stats_FULL.csv /Users/runner/work/CTJ-iOS/CTJ-iOS/ios-src/build/Release-iphoneos/CTJModernTooliOS.app

CpResource /Users/runner/work/CTJ-iOS/CTJ-iOS/ios-src/build/Release-iphoneos/CTJModernTooliOS.app/CTJ_player_id_membership_summary.csv /Users/runner/work/CTJ-iOS/CTJ-iOS/ios-src/CTJModernTooliOS/Resources/Data/CTJ_player_id_membership_summary.csv (in target 'CTJModernTooliOS' from project 'CTJModernTooliOS')
    cd /Users/runner/work/CTJ-iOS/CTJ-iOS/ios-src
    builtin-copy -exclude .DS_Store -exclude CVS -exclude .svn -exclude .git -exclude .hg -strip-unsigned-binaries -strip-deterministic -strip-tool /Applications/Xcode_16.4.app/Contents/Developer/Toolchains/XcodeDefault.xctoolchain/usr/bin/strip -resolve-src-symlinks /Users/runner/work/CTJ-iOS/CTJ-iOS/ios-src/CTJModernTooliOS/Resources/Data/CTJ_player_id_membership_summary.csv /Users/runner/work/CTJ-iOS/CTJ-iOS/ios-src/build/Release-iphoneos/CTJModernTooliOS.app

CpResource /Users/runner/work/CTJ-iOS/CTJ-iOS/ios-src/build/Release-iphoneos/CTJModernTooliOS.app/CTJ_CAPTIN_shot_records_mapped_by_team_slot.csv /Users/runner/work/CTJ-iOS/CTJ-iOS/ios-src/CTJModernTooliOS/Resources/Data/CTJ_CAPTIN_shot_records_mapped_by_team_slot.csv (in target 'CTJModernTooliOS' from project 'CTJModernTooliOS')
    cd /Users/runner/work/CTJ-iOS/CTJ-iOS/ios-src
    builtin-copy -exclude .DS_Store -exclude CVS -exclude .svn -exclude .git -exclude .hg -strip-unsigned-binaries -strip-deterministic -strip-tool /Applications/Xcode_16.4.app/Contents/Developer/Toolchains/XcodeDefault.xctoolchain/usr/bin/strip -resolve-src-symlinks /Users/runner/work/CTJ-iOS/CTJ-iOS/ios-src/CTJModernTooliOS/Resources/Data/CTJ_CAPTIN_shot_records_mapped_by_team_slot.csv /Users/runner/work/CTJ-iOS/CTJ-iOS/ios-src/build/Release-iphoneos/CTJModernTooliOS.app

CpResource /Users/runner/work/CTJ-iOS/CTJ-iOS/ios-src/build/Release-iphoneos/CTJModernTooliOS.app/CAPTIN_shot_records_extracted.csv /Users/runner/work/CTJ-iOS/CTJ-iOS/ios-src/CTJModernTooliOS/Resources/Data/CAPTIN_shot_records_extracted.csv (in target 'CTJModernTooliOS' from project 'CTJModernTooliOS')
    cd /Users/runner/work/CTJ-iOS/CTJ-iOS/ios-src
    builtin-copy -exclude .DS_Store -exclude CVS -exclude .svn -exclude .git -exclude .hg -strip-unsigned-binaries -strip-deterministic -strip-tool /Applications/Xcode_16.4.app/Contents/Developer/Toolchains/XcodeDefault.xctoolchain/usr/bin/strip -resolve-src-symlinks /Users/runner/work/CTJ-iOS/CTJ-iOS/ios-src/CTJModernTooliOS/Resources/Data/CAPTIN_shot_records_extracted.csv /Users/runner/work/CTJ-iOS/CTJ-iOS/ios-src/build/Release-iphoneos/CTJModernTooliOS.app

CopyPNGFile /Users/runner/work/CTJ-iOS/CTJ-iOS/ios-src/build/Release-iphoneos/CTJModernTooliOS.app/2C.png /Users/runner/work/CTJ-iOS/CTJ-iOS/ios-src/CTJModernTooliOS/Resources/team_logos/2C.png (in target 'CTJModernTooliOS' from project 'CTJModernTooliOS')
    cd /Users/runner/work/CTJ-iOS/CTJ-iOS/ios-src
    /Applications/Xcode_16.4.app/Contents/Developer/usr/bin/copypng -compress -strip-PNG-text /Users/runner/work/CTJ-iOS/CTJ-iOS/ios-src/CTJModernTooliOS/Resources/team_logos/2C.png /Users/runner/work/CTJ-iOS/CTJ-iOS/ios-src/build/Release-iphoneos/CTJModernTooliOS.app/2C.png

CopyPNGFile /Users/runner/work/CTJ-iOS/CTJ-iOS/ios-src/build/Release-iphoneos/CTJModernTooliOS.app/2B.png /Users/runner/work/CTJ-iOS/CTJ-iOS/ios-src/CTJModernTooliOS/Resources/team_logos/2B.png (in target 'CTJModernTooliOS' from project 'CTJModernTooliOS')
    cd /Users/runner/work/CTJ-iOS/CTJ-iOS/ios-src
    /Applications/Xcode_16.4.app/Contents/Developer/usr/bin/copypng -compress -strip-PNG-text /Users/runner/work/CTJ-iOS/CTJ-iOS/ios-src/CTJModernTooliOS/Resources/team_logos/2B.png /Users/runner/work/CTJ-iOS/CTJ-iOS/ios-src/build/Release-iphoneos/CTJModernTooliOS.app/2B.png

CopyPNGFile /Users/runner/work/CTJ-iOS/CTJ-iOS/ios-src/build/Release-iphoneos/CTJModernTooliOS.app/2A.png /Users/runner/work/CTJ-iOS/CTJ-iOS/ios-src/CTJModernTooliOS/Resources/team_logos/2A.png (in target 'CTJModernTooliOS' from project 'CTJModernTooliOS')
    cd /Users/runner/work/CTJ-iOS/CTJ-iOS/ios-src
    /Applications/Xcode_16.4.app/Contents/Developer/usr/bin/copypng -compress -strip-PNG-text /Users/runner/work/CTJ-iOS/CTJ-iOS/ios-src/CTJModernTooliOS/Resources/team_logos/2A.png /Users/runner/work/CTJ-iOS/CTJ-iOS/ios-src/build/Release-iphoneos/CTJModernTooliOS.app/2A.png

CopyPNGFile /Users/runner/work/CTJ-iOS/CTJ-iOS/ios-src/build/Release-iphoneos/CTJModernTooliOS.app/29.png /Users/runner/work/CTJ-iOS/CTJ-iOS/ios-src/CTJModernTooliOS/Resources/team_logos/29.png (in target 'CTJModernTooliOS' from project 'CTJModernTooliOS')
    cd /Users/runner/work/CTJ-iOS/CTJ-iOS/ios-src
    /Applications/Xcode_16.4.app/Contents/Developer/usr/bin/copypng -compress -strip-PNG-text /Users/runner/work/CTJ-iOS/CTJ-iOS/ios-src/CTJModernTooliOS/Resources/team_logos/29.png /Users/runner/work/CTJ-iOS/CTJ-iOS/ios-src/build/Release-iphoneos/CTJModernTooliOS.app/29.png

CopyPNGFile /Users/runner/work/CTJ-iOS/CTJ-iOS/ios-src/build/Release-iphoneos/CTJModernTooliOS.app/28.png /Users/runner/work/CTJ-iOS/CTJ-iOS/ios-src/CTJModernTooliOS/Resources/team_logos/28.png (in target 'CTJModernTooliOS' from project 'CTJModernTooliOS')
    cd /Users/runner/work/CTJ-iOS/CTJ-iOS/ios-src
    /Applications/Xcode_16.4.app/Contents/Developer/usr/bin/copypng -compress -strip-PNG-text /Users/runner/work/CTJ-iOS/CTJ-iOS/ios-src/CTJModernTooliOS/Resources/team_logos/28.png /Users/runner/work/CTJ-iOS/CTJ-iOS/ios-src/build/Release-iphoneos/CTJModernTooliOS.app/28.png

CopyPNGFile /Users/runner/work/CTJ-iOS/CTJ-iOS/ios-src/build/Release-iphoneos/CTJModernTooliOS.app/27.png /Users/runner/work/CTJ-iOS/CTJ-iOS/ios-src/CTJModernTooliOS/Resources/team_logos/27.png (in target 'CTJModernTooliOS' from project 'CTJModernTooliOS')
    cd /Users/runner/work/CTJ-iOS/CTJ-iOS/ios-src
    /Applications/Xcode_16.4.app/Contents/Developer/usr/bin/copypng -compress -strip-PNG-text /Users/runner/work/CTJ-iOS/CTJ-iOS/ios-src/CTJModernTooliOS/Resources/team_logos/27.png /Users/runner/work/CTJ-iOS/CTJ-iOS/ios-src/build/Release-iphoneos/CTJModernTooliOS.app/27.png

CopyPNGFile /Users/runner/work/CTJ-iOS/CTJ-iOS/ios-src/build/Release-iphoneos/CTJModernTooliOS.app/26.png /Users/runner/work/CTJ-iOS/CTJ-iOS/ios-src/CTJModernTooliOS/Resources/team_logos/26.png (in target 'CTJModernTooliOS' from project 'CTJModernTooliOS')
    cd /Users/runner/work/CTJ-iOS/CTJ-iOS/ios-src
    /Applications/Xcode_16.4.app/Contents/Developer/usr/bin/copypng -compress -strip-PNG-text /Users/runner/work/CTJ-iOS/CTJ-iOS/ios-src/CTJModernTooliOS/Resources/team_logos/26.png /Users/runner/work/CTJ-iOS/CTJ-iOS/ios-src/build/Release-iphoneos/CTJModernTooliOS.app/26.png

CopyPNGFile /Users/runner/work/CTJ-iOS/CTJ-iOS/ios-src/build/Release-iphoneos/CTJModernTooliOS.app/25.png /Users/runner/work/CTJ-iOS/CTJ-iOS/ios-src/CTJModernTooliOS/Resources/team_logos/25.png (in target 'CTJModernTooliOS' from project 'CTJModernTooliOS')
    cd /Users/runner/work/CTJ-iOS/CTJ-iOS/ios-src
    /Applications/Xcode_16.4.app/Contents/Developer/usr/bin/copypng -compress -strip-PNG-text /Users/runner/work/CTJ-iOS/CTJ-iOS/ios-src/CTJModernTooliOS/Resources/team_logos/25.png /Users/runner/work/CTJ-iOS/CTJ-iOS/ios-src/build/Release-iphoneos/CTJModernTooliOS.app/25.png

CopyPNGFile /Users/runner/work/CTJ-iOS/CTJ-iOS/ios-src/build/Release-iphoneos/CTJModernTooliOS.app/24.png /Users/runner/work/CTJ-iOS/CTJ-iOS/ios-src/CTJModernTooliOS/Resources/team_logos/24.png (in target 'CTJModernTooliOS' from project 'CTJModernTooliOS')
    cd /Users/runner/work/CTJ-iOS/CTJ-iOS/ios-src
    /Applications/Xcode_16.4.app/Contents/Developer/usr/bin/copypng -compress -strip-PNG-text /Users/runner/work/CTJ-iOS/CTJ-iOS/ios-src/CTJModernTooliOS/Resources/team_logos/24.png /Users/runner/work/CTJ-iOS/CTJ-iOS/ios-src/build/Release-iphoneos/CTJModernTooliOS.app/24.png

CopyPNGFile /Users/runner/work/CTJ-iOS/CTJ-iOS/ios-src/build/Release-iphoneos/CTJModernTooliOS.app/23.png /Users/runner/work/CTJ-iOS/CTJ-iOS/ios-src/CTJModernTooliOS/Resources/team_logos/23.png (in target 'CTJModernTooliOS' from project 'CTJModernTooliOS')
    cd /Users/runner/work/CTJ-iOS/CTJ-iOS/ios-src
    /Applications/Xcode_16.4.app/Contents/Developer/usr/bin/copypng -compress -strip-PNG-text /Users/runner/work/CTJ-iOS/CTJ-iOS/ios-src/CTJModernTooliOS/Resources/team_logos/23.png /Users/runner/work/CTJ-iOS/CTJ-iOS/ios-src/build/Release-iphoneos/CTJModernTooliOS.app/23.png

CopyPNGFile /Users/runner/work/CTJ-iOS/CTJ-iOS/ios-src/build/Release-iphoneos/CTJModernTooliOS.app/22.png /Users/runner/work/CTJ-iOS/CTJ-iOS/ios-src/CTJModernTooliOS/Resources/team_logos/22.png (in target 'CTJModernTooliOS' from project 'CTJModernTooliOS')
    cd /Users/runner/work/CTJ-iOS/CTJ-iOS/ios-src
    /Applications/Xcode_16.4.app/Contents/Developer/usr/bin/copypng -compress -strip-PNG-text /Users/runner/work/CTJ-iOS/CTJ-iOS/ios-src/CTJModernTooliOS/Resources/team_logos/22.png /Users/runner/work/CTJ-iOS/CTJ-iOS/ios-src/build/Release-iphoneos/CTJModernTooliOS.app/22.png

CopyPNGFile /Users/runner/work/CTJ-iOS/CTJ-iOS/ios-src/build/Release-iphoneos/CTJModernTooliOS.app/21.png /Users/runner/work/CTJ-iOS/CTJ-iOS/ios-src/CTJModernTooliOS/Resources/team_logos/21.png (in target 'CTJModernTooliOS' from project 'CTJModernTooliOS')
    cd /Users/runner/work/CTJ-iOS/CTJ-iOS/ios-src
    /Applications/Xcode_16.4.app/Contents/Developer/usr/bin/copypng -compress -strip-PNG-text /Users/runner/work/CTJ-iOS/CTJ-iOS/ios-src/CTJModernTooliOS/Resources/team_logos/21.png /Users/runner/work/CTJ-iOS/CTJ-iOS/ios-src/build/Release-iphoneos/CTJModernTooliOS.app/21.png

CopyPNGFile /Users/runner/work/CTJ-iOS/CTJ-iOS/ios-src/build/Release-iphoneos/CTJModernTooliOS.app/20.png /Users/runner/work/CTJ-iOS/CTJ-iOS/ios-src/CTJModernTooliOS/Resources/team_logos/20.png (in target 'CTJModernTooliOS' from project 'CTJModernTooliOS')
    cd /Users/runner/work/CTJ-iOS/CTJ-iOS/ios-src
    /Applications/Xcode_16.4.app/Contents/Developer/usr/bin/copypng -compress -strip-PNG-text /Users/runner/work/CTJ-iOS/CTJ-iOS/ios-src/CTJModernTooliOS/Resources/team_logos/20.png /Users/runner/work/CTJ-iOS/CTJ-iOS/ios-src/build/Release-iphoneos/CTJModernTooliOS.app/20.png

CopyPNGFile /Users/runner/work/CTJ-iOS/CTJ-iOS/ios-src/build/Release-iphoneos/CTJModernTooliOS.app/1F.png /Users/runner/work/CTJ-iOS/CTJ-iOS/ios-src/CTJModernTooliOS/Resources/team_logos/1F.png (in target 'CTJModernTooliOS' from project 'CTJModernTooliOS')
    cd /Users/runner/work/CTJ-iOS/CTJ-iOS/ios-src
    /Applications/Xcode_16.4.app/Contents/Developer/usr/bin/copypng -compress -strip-PNG-text /Users/runner/work/CTJ-iOS/CTJ-iOS/ios-src/CTJModernTooliOS/Resources/team_logos/1F.png /Users/runner/work/CTJ-iOS/CTJ-iOS/ios-src/build/Release-iphoneos/CTJModernTooliOS.app/1F.png

CopyPNGFile /Users/runner/work/CTJ-iOS/CTJ-iOS/ios-src/build/Release-iphoneos/CTJModernTooliOS.app/1D.png /Users/runner/work/CTJ-iOS/CTJ-iOS/ios-src/CTJModernTooliOS/Resources/team_logos/1D.png (in target 'CTJModernTooliOS' from project 'CTJModernTooliOS')
    cd /Users/runner/work/CTJ-iOS/CTJ-iOS/ios-src
    /Applications/Xcode_16.4.app/Contents/Developer/usr/bin/copypng -compress -strip-PNG-text /Users/runner/work/CTJ-iOS/CTJ-iOS/ios-src/CTJModernTooliOS/Resources/team_logos/1D.png /Users/runner/work/CTJ-iOS/CTJ-iOS/ios-src/build/Release-iphoneos/CTJModernTooliOS.app/1D.png

CopyPNGFile /Users/runner/work/CTJ-iOS/CTJ-iOS/ios-src/build/Release-iphoneos/CTJModernTooliOS.app/1E.png /Users/runner/work/CTJ-iOS/CTJ-iOS/ios-src/CTJModernTooliOS/Resources/team_logos/1E.png (in target 'CTJModernTooliOS' from project 'CTJModernTooliOS')
    cd /Users/runner/work/CTJ-iOS/CTJ-iOS/ios-src
    /Applications/Xcode_16.4.app/Contents/Developer/usr/bin/copypng -compress -strip-PNG-text /Users/runner/work/CTJ-iOS/CTJ-iOS/ios-src/CTJModernTooliOS/Resources/team_logos/1E.png /Users/runner/work/CTJ-iOS/CTJ-iOS/ios-src/build/Release-iphoneos/CTJModernTooliOS.app/1E.png

CopyPNGFile /Users/runner/work/CTJ-iOS/CTJ-iOS/ios-src/build/Release-iphoneos/CTJModernTooliOS.app/1C.png /Users/runner/work/CTJ-iOS/CTJ-iOS/ios-src/CTJModernTooliOS/Resources/team_logos/1C.png (in target 'CTJModernTooliOS' from project 'CTJModernTooliOS')
    cd /Users/runner/work/CTJ-iOS/CTJ-iOS/ios-src
    /Applications/Xcode_16.4.app/Contents/Developer/usr/bin/copypng -compress -strip-PNG-text /Users/runner/work/CTJ-iOS/CTJ-iOS/ios-src/CTJModernTooliOS/Resources/team_logos/1C.png /Users/runner/work/CTJ-iOS/CTJ-iOS/ios-src/build/Release-iphoneos/CTJModernTooliOS.app/1C.png

CopyPNGFile /Users/runner/work/CTJ-iOS/CTJ-iOS/ios-src/build/Release-iphoneos/CTJModernTooliOS.app/1B.png /Users/runner/work/CTJ-iOS/CTJ-iOS/ios-src/CTJModernTooliOS/Resources/team_logos/1B.png (in target 'CTJModernTooliOS' from project 'CTJModernTooliOS')
    cd /Users/runner/work/CTJ-iOS/CTJ-iOS/ios-src
    /Applications/Xcode_16.4.app/Contents/Developer/usr/bin/copypng -compress -strip-PNG-text /Users/runner/work/CTJ-iOS/CTJ-iOS/ios-src/CTJModernTooliOS/Resources/team_logos/1B.png /Users/runner/work/CTJ-iOS/CTJ-iOS/ios-src/build/Release-iphoneos/CTJModernTooliOS.app/1B.png

CopyPNGFile /Users/runner/work/CTJ-iOS/CTJ-iOS/ios-src/build/Release-iphoneos/CTJModernTooliOS.app/1A.png /Users/runner/work/CTJ-iOS/CTJ-iOS/ios-src/CTJModernTooliOS/Resources/team_logos/1A.png (in target 'CTJModernTooliOS' from project 'CTJModernTooliOS')
    cd /Users/runner/work/CTJ-iOS/CTJ-iOS/ios-src
    /Applications/Xcode_16.4.app/Contents/Developer/usr/bin/copypng -compress -strip-PNG-text /Users/runner/work/CTJ-iOS/CTJ-iOS/ios-src/CTJModernTooliOS/Resources/team_logos/1A.png /Users/runner/work/CTJ-iOS/CTJ-iOS/ios-src/build/Release-iphoneos/CTJModernTooliOS.app/1A.png

CopyPNGFile /Users/runner/work/CTJ-iOS/CTJ-iOS/ios-src/build/Release-iphoneos/CTJModernTooliOS.app/19.png /Users/runner/work/CTJ-iOS/CTJ-iOS/ios-src/CTJModernTooliOS/Resources/team_logos/19.png (in target 'CTJModernTooliOS' from project 'CTJModernTooliOS')
    cd /Users/runner/work/CTJ-iOS/CTJ-iOS/ios-src
    /Applications/Xcode_16.4.app/Contents/Developer/usr/bin/copypng -compress -strip-PNG-text /Users/runner/work/CTJ-iOS/CTJ-iOS/ios-src/CTJModernTooliOS/Resources/team_logos/19.png /Users/runner/work/CTJ-iOS/CTJ-iOS/ios-src/build/Release-iphoneos/CTJModernTooliOS.app/19.png

CopyPNGFile /Users/runner/work/CTJ-iOS/CTJ-iOS/ios-src/build/Release-iphoneos/CTJModernTooliOS.app/18.png /Users/runner/work/CTJ-iOS/CTJ-iOS/ios-src/CTJModernTooliOS/Resources/team_logos/18.png (in target 'CTJModernTooliOS' from project 'CTJModernTooliOS')
    cd /Users/runner/work/CTJ-iOS/CTJ-iOS/ios-src
    /Applications/Xcode_16.4.app/Contents/Developer/usr/bin/copypng -compress -strip-PNG-text /Users/runner/work/CTJ-iOS/CTJ-iOS/ios-src/CTJModernTooliOS/Resources/team_logos/18.png /Users/runner/work/CTJ-iOS/CTJ-iOS/ios-src/build/Release-iphoneos/CTJModernTooliOS.app/18.png

CopyPNGFile /Users/runner/work/CTJ-iOS/CTJ-iOS/ios-src/build/Release-iphoneos/CTJModernTooliOS.app/17.png /Users/runner/work/CTJ-iOS/CTJ-iOS/ios-src/CTJModernTooliOS/Resources/team_logos/17.png (in target 'CTJModernTooliOS' from project 'CTJModernTooliOS')
    cd /Users/runner/work/CTJ-iOS/CTJ-iOS/ios-src
    /Applications/Xcode_16.4.app/Contents/Developer/usr/bin/copypng -compress -strip-PNG-text /Users/runner/work/CTJ-iOS/CTJ-iOS/ios-src/CTJModernTooliOS/Resources/team_logos/17.png /Users/runner/work/CTJ-iOS/CTJ-iOS/ios-src/build/Release-iphoneos/CTJModernTooliOS.app/17.png

CopyPNGFile /Users/runner/work/CTJ-iOS/CTJ-iOS/ios-src/build/Release-iphoneos/CTJModernTooliOS.app/16.png /Users/runner/work/CTJ-iOS/CTJ-iOS/ios-src/CTJModernTooliOS/Resources/team_logos/16.png (in target 'CTJModernTooliOS' from project 'CTJModernTooliOS')
    cd /Users/runner/work/CTJ-iOS/CTJ-iOS/ios-src
    /Applications/Xcode_16.4.app/Contents/Developer/usr/bin/copypng -compress -strip-PNG-text /Users/runner/work/CTJ-iOS/CTJ-iOS/ios-src/CTJModernTooliOS/Resources/team_logos/16.png /Users/runner/work/CTJ-iOS/CTJ-iOS/ios-src/build/Release-iphoneos/CTJModernTooliOS.app/16.png

CopyPNGFile /Users/runner/work/CTJ-iOS/CTJ-iOS/ios-src/build/Release-iphoneos/CTJModernTooliOS.app/15.png /Users/runner/work/CTJ-iOS/CTJ-iOS/ios-src/CTJModernTooliOS/Resources/team_logos/15.png (in target 'CTJModernTooliOS' from project 'CTJModernTooliOS')
    cd /Users/runner/work/CTJ-iOS/CTJ-iOS/ios-src
    /Applications/Xcode_16.4.app/Contents/Developer/usr/bin/copypng -compress -strip-PNG-text /Users/runner/work/CTJ-iOS/CTJ-iOS/ios-src/CTJModernTooliOS/Resources/team_logos/15.png /Users/runner/work/CTJ-iOS/CTJ-iOS/ios-src/build/Release-iphoneos/CTJModernTooliOS.app/15.png

CopyPNGFile /Users/runner/work/CTJ-iOS/CTJ-iOS/ios-src/build/Release-iphoneos/CTJModernTooliOS.app/14.png /Users/runner/work/CTJ-iOS/CTJ-iOS/ios-src/CTJModernTooliOS/Resources/team_logos/14.png (in target 'CTJModernTooliOS' from project 'CTJModernTooliOS')
    cd /Users/runner/work/CTJ-iOS/CTJ-iOS/ios-src
    /Applications/Xcode_16.4.app/Contents/Developer/usr/bin/copypng -compress -strip-PNG-text /Users/runner/work/CTJ-iOS/CTJ-iOS/ios-src/CTJModernTooliOS/Resources/team_logos/14.png /Users/runner/work/CTJ-iOS/CTJ-iOS/ios-src/build/Release-iphoneos/CTJModernTooliOS.app/14.png

CopyPNGFile /Users/runner/work/CTJ-iOS/CTJ-iOS/ios-src/build/Release-iphoneos/CTJModernTooliOS.app/13.png /Users/runner/work/CTJ-iOS/CTJ-iOS/ios-src/CTJModernTooliOS/Resources/team_logos/13.png (in target 'CTJModernTooliOS' from project 'CTJModernTooliOS')
    cd /Users/runner/work/CTJ-iOS/CTJ-iOS/ios-src
    /Applications/Xcode_16.4.app/Contents/Developer/usr/bin/copypng -compress -strip-PNG-text /Users/runner/work/CTJ-iOS/CTJ-iOS/ios-src/CTJModernTooliOS/Resources/team_logos/13.png /Users/runner/work/CTJ-iOS/CTJ-iOS/ios-src/build/Release-iphoneos/CTJModernTooliOS.app/13.png

CopyPNGFile /Users/runner/work/CTJ-iOS/CTJ-iOS/ios-src/build/Release-iphoneos/CTJModernTooliOS.app/12.png /Users/runner/work/CTJ-iOS/CTJ-iOS/ios-src/CTJModernTooliOS/Resources/team_logos/12.png (in target 'CTJModernTooliOS' from project 'CTJModernTooliOS')
    cd /Users/runner/work/CTJ-iOS/CTJ-iOS/ios-src
    /Applications/Xcode_16.4.app/Contents/Developer/usr/bin/copypng -compress -strip-PNG-text /Users/runner/work/CTJ-iOS/CTJ-iOS/ios-src/CTJModernTooliOS/Resources/team_logos/12.png /Users/runner/work/CTJ-iOS/CTJ-iOS/ios-src/build/Release-iphoneos/CTJModernTooliOS.app/12.png

CopyPNGFile /Users/runner/work/CTJ-iOS/CTJ-iOS/ios-src/build/Release-iphoneos/CTJModernTooliOS.app/11.png /Users/runner/work/CTJ-iOS/CTJ-iOS/ios-src/CTJModernTooliOS/Resources/team_logos/11.png (in target 'CTJModernTooliOS' from project 'CTJModernTooliOS')
    cd /Users/runner/work/CTJ-iOS/CTJ-iOS/ios-src
    /Applications/Xcode_16.4.app/Contents/Developer/usr/bin/copypng -compress -strip-PNG-text /Users/runner/work/CTJ-iOS/CTJ-iOS/ios-src/CTJModernTooliOS/Resources/team_logos/11.png /Users/runner/work/CTJ-iOS/CTJ-iOS/ios-src/build/Release-iphoneos/CTJModernTooliOS.app/11.png

CopyPNGFile /Users/runner/work/CTJ-iOS/CTJ-iOS/ios-src/build/Release-iphoneos/CTJModernTooliOS.app/10.png /Users/runner/work/CTJ-iOS/CTJ-iOS/ios-src/CTJModernTooliOS/Resources/team_logos/10.png (in target 'CTJModernTooliOS' from project 'CTJModernTooliOS')
    cd /Users/runner/work/CTJ-iOS/CTJ-iOS/ios-src
    /Applications/Xcode_16.4.app/Contents/Developer/usr/bin/copypng -compress -strip-PNG-text /Users/runner/work/CTJ-iOS/CTJ-iOS/ios-src/CTJModernTooliOS/Resources/team_logos/10.png /Users/runner/work/CTJ-iOS/CTJ-iOS/ios-src/build/Release-iphoneos/CTJModernTooliOS.app/10.png

CopyPNGFile /Users/runner/work/CTJ-iOS/CTJ-iOS/ios-src/build/Release-iphoneos/CTJModernTooliOS.app/0F.png /Users/runner/work/CTJ-iOS/CTJ-iOS/ios-src/CTJModernTooliOS/Resources/team_logos/0F.png (in target 'CTJModernTooliOS' from project 'CTJModernTooliOS')
    cd /Users/runner/work/CTJ-iOS/CTJ-iOS/ios-src
    /Applications/Xcode_16.4.app/Contents/Developer/usr/bin/copypng -compress -strip-PNG-text /Users/runner/work/CTJ-iOS/CTJ-iOS/ios-src/CTJModernTooliOS/Resources/team_logos/0F.png /Users/runner/work/CTJ-iOS/CTJ-iOS/ios-src/build/Release-iphoneos/CTJModernTooliOS.app/0F.png

CopyPNGFile /Users/runner/work/CTJ-iOS/CTJ-iOS/ios-src/build/Release-iphoneos/CTJModernTooliOS.app/0E.png /Users/runner/work/CTJ-iOS/CTJ-iOS/ios-src/CTJModernTooliOS/Resources/team_logos/0E.png (in target 'CTJModernTooliOS' from project 'CTJModernTooliOS')
    cd /Users/runner/work/CTJ-iOS/CTJ-iOS/ios-src
    /Applications/Xcode_16.4.app/Contents/Developer/usr/bin/copypng -compress -strip-PNG-text /Users/runner/work/CTJ-iOS/CTJ-iOS/ios-src/CTJModernTooliOS/Resources/team_logos/0E.png /Users/runner/work/CTJ-iOS/CTJ-iOS/ios-src/build/Release-iphoneos/CTJModernTooliOS.app/0E.png

CopyPNGFile /Users/runner/work/CTJ-iOS/CTJ-iOS/ios-src/build/Release-iphoneos/CTJModernTooliOS.app/0D.png /Users/runner/work/CTJ-iOS/CTJ-iOS/ios-src/CTJModernTooliOS/Resources/team_logos/0D.png (in target 'CTJModernTooliOS' from project 'CTJModernTooliOS')
    cd /Users/runner/work/CTJ-iOS/CTJ-iOS/ios-src
    /Applications/Xcode_16.4.app/Contents/Developer/usr/bin/copypng -compress -strip-PNG-text /Users/runner/work/CTJ-iOS/CTJ-iOS/ios-src/CTJModernTooliOS/Resources/team_logos/0D.png /Users/runner/work/CTJ-iOS/CTJ-iOS/ios-src/build/Release-iphoneos/CTJModernTooliOS.app/0D.png

CopyPNGFile /Users/runner/work/CTJ-iOS/CTJ-iOS/ios-src/build/Release-iphoneos/CTJModernTooliOS.app/0C.png /Users/runner/work/CTJ-iOS/CTJ-iOS/ios-src/CTJModernTooliOS/Resources/team_logos/0C.png (in target 'CTJModernTooliOS' from project 'CTJModernTooliOS')
    cd /Users/runner/work/CTJ-iOS/CTJ-iOS/ios-src
    /Applications/Xcode_16.4.app/Contents/Developer/usr/bin/copypng -compress -strip-PNG-text /Users/runner/work/CTJ-iOS/CTJ-iOS/ios-src/CTJModernTooliOS/Resources/team_logos/0C.png /Users/runner/work/CTJ-iOS/CTJ-iOS/ios-src/build/Release-iphoneos/CTJModernTooliOS.app/0C.png

CopyPNGFile /Users/runner/work/CTJ-iOS/CTJ-iOS/ios-src/build/Release-iphoneos/CTJModernTooliOS.app/0B.png /Users/runner/work/CTJ-iOS/CTJ-iOS/ios-src/CTJModernTooliOS/Resources/team_logos/0B.png (in target 'CTJModernTooliOS' from project 'CTJModernTooliOS')
    cd /Users/runner/work/CTJ-iOS/CTJ-iOS/ios-src
    /Applications/Xcode_16.4.app/Contents/Developer/usr/bin/copypng -compress -strip-PNG-text /Users/runner/work/CTJ-iOS/CTJ-iOS/ios-src/CTJModernTooliOS/Resources/team_logos/0B.png /Users/runner/work/CTJ-iOS/CTJ-iOS/ios-src/build/Release-iphoneos/CTJModernTooliOS.app/0B.png

CopyPNGFile /Users/runner/work/CTJ-iOS/CTJ-iOS/ios-src/build/Release-iphoneos/CTJModernTooliOS.app/0A.png /Users/runner/work/CTJ-iOS/CTJ-iOS/ios-src/CTJModernTooliOS/Resources/team_logos/0A.png (in target 'CTJModernTooliOS' from project 'CTJModernTooliOS')
    cd /Users/runner/work/CTJ-iOS/CTJ-iOS/ios-src
    /Applications/Xcode_16.4.app/Contents/Developer/usr/bin/copypng -compress -strip-PNG-text /Users/runner/work/CTJ-iOS/CTJ-iOS/ios-src/CTJModernTooliOS/Resources/team_logos/0A.png /Users/runner/work/CTJ-iOS/CTJ-iOS/ios-src/build/Release-iphoneos/CTJModernTooliOS.app/0A.png

CopyPNGFile /Users/runner/work/CTJ-iOS/CTJ-iOS/ios-src/build/Release-iphoneos/CTJModernTooliOS.app/09.png /Users/runner/work/CTJ-iOS/CTJ-iOS/ios-src/CTJModernTooliOS/Resources/team_logos/09.png (in target 'CTJModernTooliOS' from project 'CTJModernTooliOS')
    cd /Users/runner/work/CTJ-iOS/CTJ-iOS/ios-src
    /Applications/Xcode_16.4.app/Contents/Developer/usr/bin/copypng -compress -strip-PNG-text /Users/runner/work/CTJ-iOS/CTJ-iOS/ios-src/CTJModernTooliOS/Resources/team_logos/09.png /Users/runner/work/CTJ-iOS/CTJ-iOS/ios-src/build/Release-iphoneos/CTJModernTooliOS.app/09.png

CopyPNGFile /Users/runner/work/CTJ-iOS/CTJ-iOS/ios-src/build/Release-iphoneos/CTJModernTooliOS.app/08.png /Users/runner/work/CTJ-iOS/CTJ-iOS/ios-src/CTJModernTooliOS/Resources/team_logos/08.png (in target 'CTJModernTooliOS' from project 'CTJModernTooliOS')
    cd /Users/runner/work/CTJ-iOS/CTJ-iOS/ios-src
    /Applications/Xcode_16.4.app/Contents/Developer/usr/bin/copypng -compress -strip-PNG-text /Users/runner/work/CTJ-iOS/CTJ-iOS/ios-src/CTJModernTooliOS/Resources/team_logos/08.png /Users/runner/work/CTJ-iOS/CTJ-iOS/ios-src/build/Release-iphoneos/CTJModernTooliOS.app/08.png

CopyPNGFile /Users/runner/work/CTJ-iOS/CTJ-iOS/ios-src/build/Release-iphoneos/CTJModernTooliOS.app/07.png /Users/runner/work/CTJ-iOS/CTJ-iOS/ios-src/CTJModernTooliOS/Resources/team_logos/07.png (in target 'CTJModernTooliOS' from project 'CTJModernTooliOS')
    cd /Users/runner/work/CTJ-iOS/CTJ-iOS/ios-src
    /Applications/Xcode_16.4.app/Contents/Developer/usr/bin/copypng -compress -strip-PNG-text /Users/runner/work/CTJ-iOS/CTJ-iOS/ios-src/CTJModernTooliOS/Resources/team_logos/07.png /Users/runner/work/CTJ-iOS/CTJ-iOS/ios-src/build/Release-iphoneos/CTJModernTooliOS.app/07.png

CopyPNGFile /Users/runner/work/CTJ-iOS/CTJ-iOS/ios-src/build/Release-iphoneos/CTJModernTooliOS.app/06.png /Users/runner/work/CTJ-iOS/CTJ-iOS/ios-src/CTJModernTooliOS/Resources/team_logos/06.png (in target 'CTJModernTooliOS' from project 'CTJModernTooliOS')
    cd /Users/runner/work/CTJ-iOS/CTJ-iOS/ios-src
    /Applications/Xcode_16.4.app/Contents/Developer/usr/bin/copypng -compress -strip-PNG-text /Users/runner/work/CTJ-iOS/CTJ-iOS/ios-src/CTJModernTooliOS/Resources/team_logos/06.png /Users/runner/work/CTJ-iOS/CTJ-iOS/ios-src/build/Release-iphoneos/CTJModernTooliOS.app/06.png

CopyPNGFile /Users/runner/work/CTJ-iOS/CTJ-iOS/ios-src/build/Release-iphoneos/CTJModernTooliOS.app/05.png /Users/runner/work/CTJ-iOS/CTJ-iOS/ios-src/CTJModernTooliOS/Resources/team_logos/05.png (in target 'CTJModernTooliOS' from project 'CTJModernTooliOS')
    cd /Users/runner/work/CTJ-iOS/CTJ-iOS/ios-src
    /Applications/Xcode_16.4.app/Contents/Developer/usr/bin/copypng -compress -strip-PNG-text /Users/runner/work/CTJ-iOS/CTJ-iOS/ios-src/CTJModernTooliOS/Resources/team_logos/05.png /Users/runner/work/CTJ-iOS/CTJ-iOS/ios-src/build/Release-iphoneos/CTJModernTooliOS.app/05.png

CopyPNGFile /Users/runner/work/CTJ-iOS/CTJ-iOS/ios-src/build/Release-iphoneos/CTJModernTooliOS.app/04.png /Users/runner/work/CTJ-iOS/CTJ-iOS/ios-src/CTJModernTooliOS/Resources/team_logos/04.png (in target 'CTJModernTooliOS' from project 'CTJModernTooliOS')
    cd /Users/runner/work/CTJ-iOS/CTJ-iOS/ios-src
    /Applications/Xcode_16.4.app/Contents/Developer/usr/bin/copypng -compress -strip-PNG-text /Users/runner/work/CTJ-iOS/CTJ-iOS/ios-src/CTJModernTooliOS/Resources/team_logos/04.png /Users/runner/work/CTJ-iOS/CTJ-iOS/ios-src/build/Release-iphoneos/CTJModernTooliOS.app/04.png

CopyPNGFile /Users/runner/work/CTJ-iOS/CTJ-iOS/ios-src/build/Release-iphoneos/CTJModernTooliOS.app/03.png /Users/runner/work/CTJ-iOS/CTJ-iOS/ios-src/CTJModernTooliOS/Resources/team_logos/03.png (in target 'CTJModernTooliOS' from project 'CTJModernTooliOS')
    cd /Users/runner/work/CTJ-iOS/CTJ-iOS/ios-src
    /Applications/Xcode_16.4.app/Contents/Developer/usr/bin/copypng -compress -strip-PNG-text /Users/runner/work/CTJ-iOS/CTJ-iOS/ios-src/CTJModernTooliOS/Resources/team_logos/03.png /Users/runner/work/CTJ-iOS/CTJ-iOS/ios-src/build/Release-iphoneos/CTJModernTooliOS.app/03.png

CopyPNGFile /Users/runner/work/CTJ-iOS/CTJ-iOS/ios-src/build/Release-iphoneos/CTJModernTooliOS.app/02.png /Users/runner/work/CTJ-iOS/CTJ-iOS/ios-src/CTJModernTooliOS/Resources/team_logos/02.png (in target 'CTJModernTooliOS' from project 'CTJModernTooliOS')
    cd /Users/runner/work/CTJ-iOS/CTJ-iOS/ios-src
    /Applications/Xcode_16.4.app/Contents/Developer/usr/bin/copypng -compress -strip-PNG-text /Users/runner/work/CTJ-iOS/CTJ-iOS/ios-src/CTJModernTooliOS/Resources/team_logos/02.png /Users/runner/work/CTJ-iOS/CTJ-iOS/ios-src/build/Release-iphoneos/CTJModernTooliOS.app/02.png

CopyPNGFile /Users/runner/work/CTJ-iOS/CTJ-iOS/ios-src/build/Release-iphoneos/CTJModernTooliOS.app/01.png /Users/runner/work/CTJ-iOS/CTJ-iOS/ios-src/CTJModernTooliOS/Resources/team_logos/01.png (in target 'CTJModernTooliOS' from project 'CTJModernTooliOS')
    cd /Users/runner/work/CTJ-iOS/CTJ-iOS/ios-src
    /Applications/Xcode_16.4.app/Contents/Developer/usr/bin/copypng -compress -strip-PNG-text /Users/runner/work/CTJ-iOS/CTJ-iOS/ios-src/CTJModernTooliOS/Resources/team_logos/01.png /Users/runner/work/CTJ-iOS/CTJ-iOS/ios-src/build/Release-iphoneos/CTJModernTooliOS.app/01.png

CopyPNGFile /Users/runner/work/CTJ-iOS/CTJ-iOS/ios-src/build/Release-iphoneos/CTJModernTooliOS.app/00.png /Users/runner/work/CTJ-iOS/CTJ-iOS/ios-src/CTJModernTooliOS/Resources/team_logos/00.png (in target 'CTJModernTooliOS' from project 'CTJModernTooliOS')
    cd /Users/runner/work/CTJ-iOS/CTJ-iOS/ios-src
    /Applications/Xcode_16.4.app/Contents/Developer/usr/bin/copypng -compress -strip-PNG-text /Users/runner/work/CTJ-iOS/CTJ-iOS/ios-src/CTJModernTooliOS/Resources/team_logos/00.png /Users/runner/work/CTJ-iOS/CTJ-iOS/ios-src/build/Release-iphoneos/CTJModernTooliOS.app/00.png

SwiftDriver CTJModernTooliOS normal arm64 com.apple.xcode.tools.swift.compiler (in target 'CTJModernTooliOS' from project 'CTJModernTooliOS')
    cd /Users/runner/work/CTJ-iOS/CTJ-iOS/ios-src
    builtin-SwiftDriver -- /Applications/Xcode_16.4.app/Contents/Developer/Toolchains/XcodeDefault.xctoolchain/usr/bin/swiftc -module-name CTJModernTooliOS -O -whole-module-optimization -enforce-exclusivity\=checked @/Users/runner/work/CTJ-iOS/CTJ-iOS/ios-src/build/CTJModernTooliOS.build/Release-iphoneos/CTJModernTooliOS.build/Objects-normal/arm64/CTJModernTooliOS.SwiftFileList -enable-bare-slash-regex -enable-experimental-feature DebugDescriptionMacro -sdk /Applications/Xcode_16.4.app/Contents/Developer/Platforms/iPhoneOS.platform/Developer/SDKs/iPhoneOS18.5.sdk -target arm64-apple-ios17.0 -g -Xfrontend -serialize-debugging-options -swift-version 5 -I /Users/runner/work/CTJ-iOS/CTJ-iOS/ios-src/build/Release-iphoneos -F /Users/runner/work/CTJ-iOS/CTJ-iOS/ios-src/build/Release-iphoneos -emit-localized-strings -emit-localized-strings-path /Users/runner/work/CTJ-iOS/CTJ-iOS/ios-src/build/CTJModernTooliOS.build/Release-iphoneos/CTJModernTooliOS.build/Objects-normal/arm64 -c -num-threads 3 -Xcc -ivfsstatcache -Xcc /var/folders/_5/zjnzxgh147qcg3bb5cg2wvqw0000gn/C/com.apple.DeveloperTools/16.4-16F6/Xcode/SDKStatCaches.noindex/iphoneos18.5-22F76-a529daf784b3616c7c04a36aeb7f5c05.sdkstatcache -output-file-map /Users/runner/work/CTJ-iOS/CTJ-iOS/ios-src/build/CTJModernTooliOS.build/Release-iphoneos/CTJModernTooliOS.build/Objects-normal/arm64/CTJModernTooliOS-OutputFileMap.json -use-frontend-parseable-output -save-temps -no-color-diagnostics -serialize-diagnostics -emit-dependencies -emit-module -emit-module-path /Users/runner/work/CTJ-iOS/CTJ-iOS/ios-src/build/CTJModernTooliOS.build/Release-iphoneos/CTJModernTooliOS.build/Objects-normal/arm64/CTJModernTooliOS.swiftmodule -validate-clang-modules-once -clang-build-session-file /var/folders/_5/zjnzxgh147qcg3bb5cg2wvqw0000gn/C/org.llvm.clang/ModuleCache.noindex/Session.modulevalidation -Xcc -I/Users/runner/work/CTJ-iOS/CTJ-iOS/ios-src/build/CTJModernTooliOS.build/Release-iphoneos/CTJModernTooliOS.build/swift-overrides.hmap -emit-const-values -Xfrontend -const-gather-protocols-file -Xfrontend /Users/runner/work/CTJ-iOS/CTJ-iOS/ios-src/build/CTJModernTooliOS.build/Release-iphoneos/CTJModernTooliOS.build/Objects-normal/arm64/CTJModernTooliOS_const_extract_protocols.json -Xcc -iquote -Xcc /Users/runner/work/CTJ-iOS/CTJ-iOS/ios-src/build/CTJModernTooliOS.build/Release-iphoneos/CTJModernTooliOS.build/CTJModernTooliOS-generated-files.hmap -Xcc -I/Users/runner/work/CTJ-iOS/CTJ-iOS/ios-src/build/CTJModernTooliOS.build/Release-iphoneos/CTJModernTooliOS.build/CTJModernTooliOS-own-target-headers.hmap -Xcc -I/Users/runner/work/CTJ-iOS/CTJ-iOS/ios-src/build/CTJModernTooliOS.build/Release-iphoneos/CTJModernTooliOS.build/CTJModernTooliOS-all-target-headers.hmap -Xcc -iquote -Xcc /Users/runner/work/CTJ-iOS/CTJ-iOS/ios-src/build/CTJModernTooliOS.build/Release-iphoneos/CTJModernTooliOS.build/CTJModernTooliOS-project-headers.hmap -Xcc -I/Users/runner/work/CTJ-iOS/CTJ-iOS/ios-src/build/Release-iphoneos/include -Xcc -I/Users/runner/work/CTJ-iOS/CTJ-iOS/ios-src/build/CTJModernTooliOS.build/Release-iphoneos/CTJModernTooliOS.build/DerivedSources-normal/arm64 -Xcc -I/Users/runner/work/CTJ-iOS/CTJ-iOS/ios-src/build/CTJModernTooliOS.build/Release-iphoneos/CTJModernTooliOS.build/DerivedSources/arm64 -Xcc -I/Users/runner/work/CTJ-iOS/CTJ-iOS/ios-src/build/CTJModernTooliOS.build/Release-iphoneos/CTJModernTooliOS.build/DerivedSources -emit-objc-header -emit-objc-header-path /Users/runner/work/CTJ-iOS/CTJ-iOS/ios-src/build/CTJModernTooliOS.build/Release-iphoneos/CTJModernTooliOS.build/Objects-normal/arm64/CTJModernTooliOS-Swift.h -working-directory /Users/runner/work/CTJ-iOS/CTJ-iOS/ios-src -no-emit-module-separately-wmo

SwiftCompile normal arm64 Compiling\ CTJModernTooliOSApp.swift,\ Models.swift,\ ContentView.swift /Users/runner/work/CTJ-iOS/CTJ-iOS/ios-src/CTJModernTooliOS/CTJModernTooliOSApp.swift /Users/runner/work/CTJ-iOS/CTJ-iOS/ios-src/CTJModernTooliOS/Models.swift /Users/runner/work/CTJ-iOS/CTJ-iOS/ios-src/CTJModernTooliOS/ContentView.swift (in target 'CTJModernTooliOS' from project 'CTJModernTooliOS')

CompileSwift normal arm64 (in target 'CTJModernTooliOS' from project 'CTJModernTooliOS')
    cd /Users/runner/work/CTJ-iOS/CTJ-iOS/ios-src
    
/Users/runner/work/CTJ-iOS/CTJ-iOS/ios-src/CTJModernTooliOS/ContentView.swift:100:1: error: expected '}' in struct

^
/Users/runner/work/CTJ-iOS/CTJ-iOS/ios-src/CTJModernTooliOS/ContentView.swift:82:29: note: to match this opening '{'
struct ShotEditorView: View {
                            ^
/Users/runner/work/CTJ-iOS/CTJ-iOS/ios-src/CTJModernTooliOS/Models.swift:403:17: warning: variable 'image' was never mutated; consider changing to 'let' constant
            var image = try PSXDiscImage(data: discData)
            ~~~ ^
            let
/Users/runner/work/CTJ-iOS/CTJ-iOS/ios-src/CTJModernTooliOS/ContentView.swift:24:46: error: value of type 'CTJModel' has no dynamic member 'importKind' using key path from root type 'CTJModel'
            Button("Import TEAMDAT") { model.importKind = .team; model.showImporter = true }
                                       ~~~~~ ^~~~~~~~~~
/Users/runner/work/CTJ-iOS/CTJ-iOS/ios-src/CTJModernTooliOS/ContentView.swift:24:40: error: referencing subscript 'subscript(dynamicMember:)' requires wrapper 'EnvironmentObject<CTJModel>.Wrapper'
            Button("Import TEAMDAT") { model.importKind = .team; model.showImporter = true }
                                       ^
                                       $
/Users/runner/work/CTJ-iOS/CTJ-iOS/ios-src/CTJModernTooliOS/ContentView.swift:24:60: error: type 'Binding<_>' has no member 'team'
            Button("Import TEAMDAT") { model.importKind = .team; model.showImporter = true }
                                                          ~^~~~
/Users/runner/work/CTJ-iOS/CTJ-iOS/ios-src/CTJModernTooliOS/ContentView.swift:28:38: error: value of type 'EnvironmentObject<CTJModel>.Wrapper' has no dynamic member 'showImporter' using key path from root type 'CTJModel'
    .fileImporter(isPresented:$model.showImporter, allowedContentTypes:[.data], allowsMultipleSelection:false) { result in model.handleImport(result) }
                              ~~~~~~ ^~~~~~~~~~~~
/Users/runner/work/CTJ-iOS/CTJ-iOS/ios-src/CTJModernTooliOS/ContentView.swift:28:130: error: value of type 'CTJModel' has no dynamic member 'handleImport' using key path from root type 'CTJModel'
    .fileImporter(isPresented:$model.showImporter, allowedContentTypes:[.data], allowsMultipleSelection:false) { result in model.handleImport(result) }
                                                                                                                           ~~~~~ ^~~~~~~~~~~~
/Users/runner/work/CTJ-iOS/CTJ-iOS/ios-src/CTJModernTooliOS/ContentView.swift:28:124: error: referencing subscript 'subscript(dynamicMember:)' requires wrapper 'EnvironmentObject<CTJModel>.Wrapper'
    .fileImporter(isPresented:$model.showImporter, allowedContentTypes:[.data], allowsMultipleSelection:false) { result in model.handleImport(result) }
                                                                                                                           ^
                                                                                                                           $
/Users/runner/work/CTJ-iOS/CTJ-iOS/ios-src/CTJModernTooliOS/ContentView.swift:28:130: error: cannot call value of non-function type 'Binding<Subject>'
    .fileImporter(isPresented:$model.showImporter, allowedContentTypes:[.data], allowsMultipleSelection:false) { result in model.handleImport(result) }
                                                                                                                                 ^
/Users/runner/work/CTJ-iOS/CTJ-iOS/ios-src/CTJModernTooliOS/ContentView.swift:37:9: error: generic parameter 'V' could not be inferred
        Section("PS1 BIN / ISO") {
        ^
SwiftUI.Section.init:2:20: note: in call to initializer
nonisolated public init<V>(_ titleKey: LocalizedStringKey, @TableRowBuilder<V> content: () -> Content) where Parent == TableHeaderRowContent<V, Text>, Footer == EmptyTableRowContent<V>, V == Content.TableRowValue}
                   ^
/Users/runner/work/CTJ-iOS/CTJ-iOS/ios-src/CTJModernTooliOS/ContentView.swift:57:118: error: value of type 'CTJModel' has no dynamic member 'handleDiscImport' using key path from root type 'CTJModel'
    .fileImporter(isPresented:$showDiscImporter, allowedContentTypes:[.data], allowsMultipleSelection:false) { model.handleDiscImport($0) }
                                                                                                               ~~~~~ ^~~~~~~~~~~~~~~~
/Users/runner/work/CTJ-iOS/CTJ-iOS/ios-src/CTJModernTooliOS/ContentView.swift:57:112: error: referencing subscript 'subscript(dynamicMember:)' requires wrapper 'EnvironmentObject<CTJModel>.Wrapper'
    .fileImporter(isPresented:$showDiscImporter, allowedContentTypes:[.data], allowsMultipleSelection:false) { model.handleDiscImport($0) }
                                                                                                               ^
                                                                                                               $
/Users/runner/work/CTJ-iOS/CTJ-iOS/ios-src/CTJModernTooliOS/ContentView.swift:57:118: error: cannot call value of non-function type 'Binding<Subject>'
    .fileImporter(isPresented:$showDiscImporter, allowedContentTypes:[.data], allowsMultipleSelection:false) { model.handleDiscImport($0) }
                                                                                                                     ^
/Users/runner/work/CTJ-iOS/CTJ-iOS/ios-src/CTJModernTooliOS/ContentView.swift:96:33: error: cannot call value of non-function type 'Binding<Subject>'
        Button("Apply") { model.applyShot(mode:mode, source:source, target:target); source=nil; target=nil }.buttonStyle(.borderedProminent).padding(.bottom)
                                ^
/Users/runner/work/CTJ-iOS/CTJ-iOS/ios-src/CTJModernTooliOS/ContentView.swift:96:33: error: value of type 'CTJModel' has no dynamic member 'applyShot' using key path from root type 'CTJModel'
        Button("Apply") { model.applyShot(mode:mode, source:source, target:target); source=nil; target=nil }.buttonStyle(.borderedProminent).padding(.bottom)
                          ~~~~~ ^~~~~~~~~
/Users/runner/work/CTJ-iOS/CTJ-iOS/ios-src/CTJModernTooliOS/ContentView.swift:96:27: error: referencing subscript 'subscript(dynamicMember:)' requires wrapper 'EnvironmentObject<CTJModel>.Wrapper'
        Button("Apply") { model.applyShot(mode:mode, source:source, target:target); source=nil; target=nil }.buttonStyle(.borderedProminent).padding(.bottom)
                          ^
                          $

Failed frontend command:
/Applications/Xcode_16.4.app/Contents/Developer/Toolchains/XcodeDefault.xctoolchain/usr/bin/swift-frontend -frontend -c /Users/runner/work/CTJ-iOS/CTJ-iOS/ios-src/CTJModernTooliOS/CTJModernTooliOSApp.swift /Users/runner/work/CTJ-iOS/CTJ-iOS/ios-src/CTJModernTooliOS/Models.swift /Users/runner/work/CTJ-iOS/CTJ-iOS/ios-src/CTJModernTooliOS/ContentView.swift -supplementary-output-file-map /Users/runner/work/CTJ-iOS/CTJ-iOS/ios-src/build/CTJModernTooliOS.build/Release-iphoneos/CTJModernTooliOS.build/Objects-normal/arm64/supplementaryOutputs-1 -emit-localized-strings -emit-localized-strings-path /Users/runner/work/CTJ-iOS/CTJ-iOS/ios-src/build/CTJModernTooliOS.build/Release-iphoneos/CTJModernTooliOS.build/Objects-normal/arm64 -target arm64-apple-ios17.0 -Xllvm -aarch64-use-tbi -enable-objc-interop -stack-check -sdk /Applications/Xcode_16.4.app/Contents/Developer/Platforms/iPhoneOS.platform/Developer/SDKs/iPhoneOS18.5.sdk -I /Users/runner/work/CTJ-iOS/CTJ-iOS/ios-src/build/Release-iphoneos -F /Users/runner/work/CTJ-iOS/CTJ-iOS/ios-src/build/Release-iphoneos -no-color-diagnostics -g -debug-info-format\=dwarf -dwarf-version\=4 -swift-version 5 -enforce-exclusivity\=checked -O -serialize-debugging-options -const-gather-protocols-file /Users/runner/work/CTJ-iOS/CTJ-iOS/ios-src/build/CTJModernTooliOS.build/Release-iphoneos/CTJModernTooliOS.build/Objects-normal/arm64/CTJModernTooliOS_const_extract_protocols.json -enable-experimental-feature DebugDescriptionMacro -enable-bare-slash-regex -empty-abi-descriptor -validate-clang-modules-once -clang-build-session-file /var/folders/_5/zjnzxgh147qcg3bb5cg2wvqw0000gn/C/org.llvm.clang/ModuleCache.noindex/Session.modulevalidation -Xcc -working-directory -Xcc /Users/runner/work/CTJ-iOS/CTJ-iOS/ios-src -resource-dir /Applications/Xcode_16.4.app/Contents/Developer/Toolchains/XcodeDefault.xctoolchain/usr/lib/swift -file-compilation-dir /Users/runner/work/CTJ-iOS/CTJ-iOS/ios-src -Xcc -ivfsstatcache -Xcc /var/folders/_5/zjnzxgh147qcg3bb5cg2wvqw0000gn/C/com.apple.DeveloperTools/16.4-16F6/Xcode/SDKStatCaches.noindex/iphoneos18.5-22F76-a529daf784b3616c7c04a36aeb7f5c05.sdkstatcache -Xcc -I/Users/runner/work/CTJ-iOS/CTJ-iOS/ios-src/build/CTJModernTooliOS.build/Release-iphoneos/CTJModernTooliOS.build/swift-overrides.hmap -Xcc -iquote -Xcc /Users/runner/work/CTJ-iOS/CTJ-iOS/ios-src/build/CTJModernTooliOS.build/Release-iphoneos/CTJModernTooliOS.build/CTJModernTooliOS-generated-files.hmap -Xcc -I/Users/runner/work/CTJ-iOS/CTJ-iOS/ios-src/build/CTJModernTooliOS.build/Release-iphoneos/CTJModernTooliOS.build/CTJModernTooliOS-own-target-headers.hmap -Xcc -I/Users/runner/work/CTJ-iOS/CTJ-iOS/ios-src/build/CTJModernTooliOS.build/Release-iphoneos/CTJModernTooliOS.build/CTJModernTooliOS-all-target-headers.hmap -Xcc -iquote -Xcc /Users/runner/work/CTJ-iOS/CTJ-iOS/ios-src/build/CTJModernTooliOS.build/Release-iphoneos/CTJModernTooliOS.build/CTJModernTooliOS-project-headers.hmap -Xcc -I/Users/runner/work/CTJ-iOS/CTJ-iOS/ios-src/build/Release-iphoneos/include -Xcc -I/Users/runner/work/CTJ-iOS/CTJ-iOS/ios-src/build/CTJModernTooliOS.build/Release-iphoneos/CTJModernTooliOS.build/DerivedSources-normal/arm64 -Xcc -I/Users/runner/work/CTJ-iOS/CTJ-iOS/ios-src/build/CTJModernTooliOS.build/Release-iphoneos/CTJModernTooliOS.build/DerivedSources/arm64 -Xcc -I/Users/runner/work/CTJ-iOS/CTJ-iOS/ios-src/build/CTJModernTooliOS.build/Release-iphoneos/CTJModernTooliOS.build/DerivedSources -module-name CTJModernTooliOS -frontend-parseable-output -disable-clang-spi -target-sdk-version 18.5 -target-sdk-name iphoneos18.5 -external-plugin-path /Applications/Xcode_16.4.app/Contents/Developer/Platforms/iPhoneOS.platform/Developer/usr/lib/swift/host/plugins\#/Applications/Xcode_16.4.app/Contents/Developer/Platforms/iPhoneOS.platform/Developer/usr/bin/swift-plugin-server -external-plugin-path /Applications/Xcode_16.4.app/Contents/Developer/Platforms/iPhoneOS.platform/Developer/usr/local/lib/swift/host/plugins\#/Applications/Xcode_16.4.app/Contents/Developer/Platforms/iPhoneOS.platform/Developer/usr/bin/swift-plugin-server -in-process-plugin-server-path /Applications/Xcode_16.4.app/Contents/Developer/Toolchains/XcodeDefault.xctoolchain/usr/lib/swift/host/libSwiftInProcPluginServer.dylib -plugin-path /Applications/Xcode_16.4.app/Contents/Developer/Toolchains/XcodeDefault.xctoolchain/usr/lib/swift/host/plugins -plugin-path /Applications/Xcode_16.4.app/Contents/Developer/Toolchains/XcodeDefault.xctoolchain/usr/local/lib/swift/host/plugins -enable-default-cmo -num-threads 3 -o /Users/runner/work/CTJ-iOS/CTJ-iOS/ios-src/build/CTJModernTooliOS.build/Release-iphoneos/CTJModernTooliOS.build/Objects-normal/arm64/CTJModernTooliOSApp.o -o /Users/runner/work/CTJ-iOS/CTJ-iOS/ios-src/build/CTJModernTooliOS.build/Release-iphoneos/CTJModernTooliOS.build/Objects-normal/arm64/Models.o -o /Users/runner/work/CTJ-iOS/CTJ-iOS/ios-src/build/CTJModernTooliOS.build/Release-iphoneos/CTJModernTooliOS.build/Objects-normal/arm64/ContentView.o -index-unit-output-path /CTJModernTooliOS.build/Release-iphoneos/CTJModernTooliOS.build/Objects-normal/arm64/CTJModernTooliOSApp.o -index-unit-output-path /CTJModernTooliOS.build/Release-iphoneos/CTJModernTooliOS.build/Objects-normal/arm64/Models.o -index-unit-output-path /CTJModernTooliOS.build/Release-iphoneos/CTJModernTooliOS.build/Objects-normal/arm64/ContentView.o
SwiftDriver\ Compilation CTJModernTooliOS normal arm64 com.apple.xcode.tools.swift.compiler (in target 'CTJModernTooliOS' from project 'CTJModernTooliOS')
    cd /Users/runner/work/CTJ-iOS/CTJ-iOS/ios-src
    builtin-Swift-Compilation -- /Applications/Xcode_16.4.app/Contents/Developer/Toolchains/XcodeDefault.xctoolchain/usr/bin/swiftc -module-name CTJModernTooliOS -O -whole-module-optimization -enforce-exclusivity\=checked @/Users/runner/work/CTJ-iOS/CTJ-iOS/ios-src/build/CTJModernTooliOS.build/Release-iphoneos/CTJModernTooliOS.build/Objects-normal/arm64/CTJModernTooliOS.SwiftFileList -enable-bare-slash-regex -enable-experimental-feature DebugDescriptionMacro -sdk /Applications/Xcode_16.4.app/Contents/Developer/Platforms/iPhoneOS.platform/Developer/SDKs/iPhoneOS18.5.sdk -target arm64-apple-ios17.0 -g -Xfrontend -serialize-debugging-options -swift-version 5 -I /Users/runner/work/CTJ-iOS/CTJ-iOS/ios-src/build/Release-iphoneos -F /Users/runner/work/CTJ-iOS/CTJ-iOS/ios-src/build/Release-iphoneos -emit-localized-strings -emit-localized-strings-path /Users/runner/work/CTJ-iOS/CTJ-iOS/ios-src/build/CTJModernTooliOS.build/Release-iphoneos/CTJModernTooliOS.build/Objects-normal/arm64 -c -num-threads 3 -Xcc -ivfsstatcache -Xcc /var/folders/_5/zjnzxgh147qcg3bb5cg2wvqw0000gn/C/com.apple.DeveloperTools/16.4-16F6/Xcode/SDKStatCaches.noindex/iphoneos18.5-22F76-a529daf784b3616c7c04a36aeb7f5c05.sdkstatcache -output-file-map /Users/runner/work/CTJ-iOS/CTJ-iOS/ios-src/build/CTJModernTooliOS.build/Release-iphoneos/CTJModernTooliOS.build/Objects-normal/arm64/CTJModernTooliOS-OutputFileMap.json -use-frontend-parseable-output -save-temps -no-color-diagnostics -serialize-diagnostics -emit-dependencies -emit-module -emit-module-path /Users/runner/work/CTJ-iOS/CTJ-iOS/ios-src/build/CTJModernTooliOS.build/Release-iphoneos/CTJModernTooliOS.build/Objects-normal/arm64/CTJModernTooliOS.swiftmodule -validate-clang-modules-once -clang-build-session-file /var/folders/_5/zjnzxgh147qcg3bb5cg2wvqw0000gn/C/org.llvm.clang/ModuleCache.noindex/Session.modulevalidation -Xcc -I/Users/runner/work/CTJ-iOS/CTJ-iOS/ios-src/build/CTJModernTooliOS.build/Release-iphoneos/CTJModernTooliOS.build/swift-overrides.hmap -emit-const-values -Xfrontend -const-gather-protocols-file -Xfrontend /Users/runner/work/CTJ-iOS/CTJ-iOS/ios-src/build/CTJModernTooliOS.build/Release-iphoneos/CTJModernTooliOS.build/Objects-normal/arm64/CTJModernTooliOS_const_extract_protocols.json -Xcc -iquote -Xcc /Users/runner/work/CTJ-iOS/CTJ-iOS/ios-src/build/CTJModernTooliOS.build/Release-iphoneos/CTJModernTooliOS.build/CTJModernTooliOS-generated-files.hmap -Xcc -I/Users/runner/work/CTJ-iOS/CTJ-iOS/ios-src/build/CTJModernTooliOS.build/Release-iphoneos/CTJModernTooliOS.build/CTJModernTooliOS-own-target-headers.hmap -Xcc -I/Users/runner/work/CTJ-iOS/CTJ-iOS/ios-src/build/CTJModernTooliOS.build/Release-iphoneos/CTJModernTooliOS.build/CTJModernTooliOS-all-target-headers.hmap -Xcc -iquote -Xcc /Users/runner/work/CTJ-iOS/CTJ-iOS/ios-src/build/CTJModernTooliOS.build/Release-iphoneos/CTJModernTooliOS.build/CTJModernTooliOS-project-headers.hmap -Xcc -I/Users/runner/work/CTJ-iOS/CTJ-iOS/ios-src/build/Release-iphoneos/include -Xcc -I/Users/runner/work/CTJ-iOS/CTJ-iOS/ios-src/build/CTJModernTooliOS.build/Release-iphoneos/CTJModernTooliOS.build/DerivedSources-normal/arm64 -Xcc -I/Users/runner/work/CTJ-iOS/CTJ-iOS/ios-src/build/CTJModernTooliOS.build/Release-iphoneos/CTJModernTooliOS.build/DerivedSources/arm64 -Xcc -I/Users/runner/work/CTJ-iOS/CTJ-iOS/ios-src/build/CTJModernTooliOS.build/Release-iphoneos/CTJModernTooliOS.build/DerivedSources -emit-objc-header -emit-objc-header-path /Users/runner/work/CTJ-iOS/CTJ-iOS/ios-src/build/CTJModernTooliOS.build/Release-iphoneos/CTJModernTooliOS.build/Objects-normal/arm64/CTJModernTooliOS-Swift.h -working-directory /Users/runner/work/CTJ-iOS/CTJ-iOS/ios-src -no-emit-module-separately-wmo

** BUILD FAILED **


The following build commands failed:
	CompileSwift normal arm64 (in target 'CTJModernTooliOS' from project 'CTJModernTooliOS')
	SwiftCompile normal arm64 Compiling\ CTJModernTooliOSApp.swift,\ Models.swift,\ ContentView.swift /Users/runner/work/CTJ-iOS/CTJ-iOS/ios-src/CTJModernTooliOS/CTJModernTooliOSApp.swift /Users/runner/work/CTJ-iOS/CTJ-iOS/ios-src/CTJModernTooliOS/Models.swift /Users/runner/work/CTJ-iOS/CTJ-iOS/ios-src/CTJModernTooliOS/ContentView.swift (in target 'CTJModernTooliOS' from project 'CTJModernTooliOS')
(2 failures)
